// Jest Snapshot v1, https://goo.gl/fbAQLP

exports[`test chessman method with canva 1`] = `"data:image/png;base64,iVBORw0KGgoAAAANSUhEUgAAACgAAAAoCAYAAACM/rhtAAAABmJLR0QA/wD/AP+gvaeTAAAF8ElEQVRYhb2Za0hVWRTHf+d0HV+pqWE2lWWFJuZgOVHiB8sMGo3AoOyDCSM004sLTebQwJD4KQimJ9GnSmKix4cZaAbRgR5iT7KnkpUKMzI+KrPsYaPpmg/73nvOuZ57uz7qD5u719prr/3fa7/P1RgjBBKBZGAmMMml7ge6gUfAQw16x9rOSAhNEPhGoFLgXwH5SBoQuC7ws6szn4xYqIBT4J8ASPlKQwLnBZYE2q4WILl84BB2EYiJgfR0mD0bYmOVrr8f2tuhqQkaGmBw0MYlvwKlGnQFStaOWIjAkWGRiI8XKSsTqa8XGRwUv+jpETlzRmTVKhFd945op0DuaMlFC9RZHE6eLHL4sEhfn39SvtDUJFJY6E3yg8Cm0ZC7Z3FUWCjS3T06Yt6oqRGZOtWb6I5AyYVYIqfrIvv2jQ8xM7q6RBYv9l5AG7z5DFskAkeAzQDoOpSXQ17eiEYgYPT1wfbtcOuWRwMs0eC+rb1A/hi2kNGn2Fiz3CAQZEcuVKDVY7hgwecjWFwsEhFh1pW5eekmjt/h3udiY2HtWqMkLg5mzPA9VEFBkJICqamQkWHsh3Z2GRkqmf1NmgQVFWbLn8R1bOqu6Dkwr6KKCggPN8zXr4fSUvtGdV01uHUrFBZCbS3icNjbDgzA0BBcuTLc37ZtkJzslqKA7z0EgRWA6lJ8PJSU2DfgjTlzoKUFrl1TBAFWrkTrch0OK1ZAVhZMn27UuXMH9uwZ7svhgF27zJpvzQTXe9TFxRASEhjBlhaorDTkkhJF1o3sbKirg507DZ3TCbt32/tbtw6iotxSssACN0HjuCkstK8cGWmvLy+Ho0dVfto0yM83yp4+ta/jC6GhsHq1WZOri1oYXwLGwW+H5cuhoMB+kj98aOSXLfNPQsR/eU6OWcrSgXkeMT1dTXpvNDdDUhKcPw9paWoOFRQMt7t0yTrEnZ1w+zY8e2bo3r9XC8UXFi40S/McwCyPOHeufaWuLuUY4MQJleyQkgIPHhjy2bMqmaFp9kGw5zBLB4zJFR1tXykrC3bsUM69ER8Pm1yXkSlT4NAhFW07JCQoX/4QFgbBwW4pWMd8rAQNP2E8yMy0J1hcrCLnRk4OXL5s39m2Nt+buBkGQXTgjUd6+9a+QmMjFBXZz529e6G62qo7eBB6eiyqfk2jOzISamr8kxMx8xAdeOEpbG+3r3TjhjEHIyJgwgQ1nG6HtbWGbUeHIg1qRFJTITGRL0SIffUKJk70T7Cz0/xE6HEAjz2FTU32laKj4Y0r0K9fq9/nz63lbly8CB8+qPyaNXD6tKqzcaPSO53+CVo5PHYAjcAHwEFDA7x8qQ5vM/Ly4Nw5eGEE29NLXbdu7t3dRj4uTv1GRCiigaCuzizd1zV4DdR7GrWbIy0tBrnUVLVKMzKUPDSkzlc3wsKMfG+vYdPWptLHUFVlli66N6Q/PaqTJ4dXunrVyKenw6lTkJtrXz5/vpGvrobr19XZm5AAiYn+I9ncrOwV+gEVLYGZrjeBeoM0NoocOBD4hdPptL43li3zbVtZqWzM/t31t2wx2/4GrtuMBn8DfwBqOKyXR3W+xsTY9zo4GBYtgvp6Izmd1vukG8nJanrU1w8f7tZWOHbMrDlsKRdY7IkiePfm0yanUyQvz6y7YhsMgZMeo8jIz0cwO9ssDwp87eakeRGcAtxD/aphSkryf7iPFb29aniNzXmfBj/4tBfIFfU5QvVo6VKRV6/G/+EuIlJVJRIebo7eTYEvPtopgc2WIUhLE3n0aHzJHTggEhRkJtcqMDXgyAuUWhZNRITI/v0iAwNjI9bS4r0g3OR8XEb9k9wg8M7iLDlZ5MSJkX/hevJE7QwhId7kbo4ocjYkvxL1OcLqOCpKpKhI5Phxkbt3Rd69sxLq6BC5cEGkokIkM1NE07yJDQr8EtCcC4BkkECZwAu/20VwsEh0dCBbS515Kxk3CEQK/CjQNIr97j+B3wWWj6TNgL5R+yC7ENVYFpCCer6a3ww9qLvmXeAS8Jem/poYEf4Hb7ZRLKFiyBgAAAAASUVORK5CYII="`;

exports[`test chessman method with canva 2`] = `"data:,"`;
